    Blocking waiting for file lock on build directory
   Compiling sp_kernel v0.1.0 (/workspace/scratch/b17a901c79d8/WynnSolverFast-optimized/rust/sp_kernel)
warning: unused imports: `Case`, `Kernel`, and `Unit`
  --> src/scoring.rs:13:13
   |
13 | use crate::{Case, Kernel, Unit};
   |             ^^^^  ^^^^^^  ^^^^
   |
   = note: `#[warn(unused_imports)]` (part of `#[warn(unused)]`) on by default

warning: unused variable: `bt`
    --> src/enumerate.rs:2165:25
     |
2165 |         (Some(sc), Some(bt)) => sc.dense.as_ref().and_then(|d| {
     |                         ^^ help: if this is intentional, prefix it with an underscore: `_bt`
     |
     = note: `#[warn(unused_variables)]` (part of `#[warn(unused)]`) on by default

warning: value assigned to `mana_wasted` is never read
    --> src/scoring.rs:1789:46
     |
1789 |                     if uncapped > max_mana { mana_wasted += uncapped - max_mana; }
     |                                              ^^^^^^^^^^^^^^^^^^^^^^^^^^^^^^^^^^ this value is reassigned later and never used
...
1896 |             advance!(pre_dt);
     |             ---------------- in this macro invocation
...
1900 |                 if uncapped > max_mana { mana_wasted += uncapped - max_mana; }
     |                                          ---------------------------------- `mana_wasted` is overwritten here before the previous value is read
     |
     = note: `#[warn(unused_assignments)]` (part of `#[warn(unused)]`) on by default
     = note: this warning originates in the macro `advance` (in Nightly builds, run with -Z macro-backtrace for more info)

warning: value assigned to `mana_wasted` is never read
    --> src/scoring.rs:1900:42
     |
1789 |                     if uncapped > max_mana { mana_wasted += uncapped - max_mana; }
     |                                              ---------------------------------- `mana_wasted` is overwritten here before the previous value is read
...
1900 |                 if uncapped > max_mana { mana_wasted += uncapped - max_mana; }
     |                                          ^^^^^^^^^^^^^^^^^^^^^^^^^^^^^^^^^^ this value is reassigned later and never used

warning: value assigned to `mana_wasted` is never read
    --> src/scoring.rs:1789:46
     |
1789 |                     if uncapped > max_mana { mana_wasted += uncapped - max_mana; }
     |                                              ^^^^^^^^^^^^^^^^^^^^^^^^^^^^^^^^^^ this value is reassigned later and never used
...
1832 |                 if uncapped > max_mana { mana_wasted += uncapped - max_mana; }
     |                                          ---------------------------------- `mana_wasted` is overwritten here before the previous value is read
...
1981 |             advance!(effective_post);
     |             ------------------------ in this macro invocation
     |
     = note: this warning originates in the macro `advance` (in Nightly builds, run with -Z macro-backtrace for more info)

warning: value assigned to `mana_wasted` is never read
    --> src/scoring.rs:1832:42
     |
1832 |                 if uncapped > max_mana { mana_wasted += uncapped - max_mana; }
     |                                          ^^^^^^^^^^^^^^^^^^^^^^^^^^^^^^^^^^
     |
     = help: maybe it is overwritten before being read?

warning: value assigned to `total_mana_drain` is never read
    --> src/scoring.rs:1780:37
     |
1780 |                                     total_mana_drain += actual;
     |                                     ^^^^^^^^^^^^^^^^^^^^^^^^^^
     |                                     |
     |                                     this value is reassigned later and never used
     |                                     `total_mana_drain` is overwritten here before the previous value is read
...
1896 |             advance!(pre_dt);
     |             ---------------- in this macro invocation
     |
     = note: this warning originates in the macro `advance` (in Nightly builds, run with -Z macro-backtrace for more info)

warning: value assigned to `total_mana_drain` is never read
    --> src/scoring.rs:1780:37
     |
1780 |                                     total_mana_drain += actual;
     |                                     ^^^^^^^^^^^^^^^^^^^^^^^^^^ this value is reassigned later and never used
...
1965 |                             total_mana_drain += dro.actual_drain;
     |                             ------------------------------------ `total_mana_drain` is overwritten here before the previous value is read
...
1981 |             advance!(effective_post);
     |             ------------------------ in this macro invocation
     |
     = note: this warning originates in the macro `advance` (in Nightly builds, run with -Z macro-backtrace for more info)

warning: value assigned to `total_mana_drain` is never read
    --> src/scoring.rs:1965:29
     |
1965 | ...                   total_mana_drain += dro.actual_drain;
     |                       ^^^^^^^^^^^^^^^^^^^^^^^^^^^^^^^^^^^^
     |
     = help: maybe it is overwritten before being read?

warning: unused variable: `weapon`
    --> src/scoring.rs:3766:23
     |
3766 |     combo_base: &Obj, weapon: &Obj, rows: &[Row], registry: &[Value],
     |                       ^^^^^^ help: if this is intentional, prefix it with an underscore: `_weapon`

warning: variable does not need to be mutable
    --> src/scoring.rs:4836:13
     |
4836 |         let mut intern = |k: &str, idx: &mut HashMap<String, u32>, keys: &mut Vec<String>| -> u32 {
     |             ----^^^^^^
     |             |
     |             help: remove this `mut`
     |
     = note: `#[warn(unused_mut)]` (part of `#[warn(unused)]`) on by default

warning: variable does not need to be mutable
    --> src/scoring.rs:6010:13
     |
6010 |         let mut read = |i: u32| {
     |             ----^^^^
     |             |
     |             help: remove this `mut`

warning: fields `ring_pair_count` and `sp_fixed_max_req` are never read
   --> src/enumerate.rs:315:5
    |
289 | pub struct Search<'a> {
    |            ------ fields in this struct
...
315 |     ring_pair_count: Vec<f64>,
    |     ^^^^^^^^^^^^^^^
...
320 |     sp_fixed_max_req: [i32; 5],
    |     ^^^^^^^^^^^^^^^^
    |
    = note: `#[warn(dead_code)]` (part of `#[warn(unused)]`) on by default

warning: methods `sp_mid_tree_feasible`, `sp_leaf_feasible`, and `restr_mid_tree_feasible` are never used
    --> src/enumerate.rs:973:8
     |
 426 | impl<'a> Search<'a> {
     | ------------------- methods in this implementation
...
 973 |     fn sp_mid_tree_feasible(&self, next_depth: usize) -> bool {
     |        ^^^^^^^^^^^^^^^^^^^^
...
 989 |     fn sp_leaf_feasible(&self) -> bool {
     |        ^^^^^^^^^^^^^^^^
...
1022 |     fn restr_mid_tree_feasible(&self, next_depth: usize) -> bool {
     |        ^^^^^^^^^^^^^^^^^^^^^^^

warning: `sp_kernel` (lib test) generated 14 warnings (run `cargo fix --lib -p sp_kernel --tests` to apply 5 suggestions)
    Finished `release` profile [optimized] target(s) in 24.21s
     Running unittests src/lib.rs (target/release/deps/sp_kernel-58adb15c395a98c9)

running 22 tests
test bound_memo::tests::packed_keys_are_injective_in_supported_small_pool_domain ... ok
test bound_memo::tests::stale_suffixes_are_ignored_but_prefix_depth_is_preserved ... ok
test bound_memo::tests::wide_subtree_rank_is_not_clamped_or_truncated ... ok
test bound_memo::tests::wide_keys_separate_offsets_and_namespaces ... ok
test enumerate::anytime::tests::reduced_domains_preserve_fixed_sets_and_illegal_collisions ... ok
test enumerate::anytime::tests::archive_preserves_diversity_and_best_score ... ok
test enumerate::anytime_core_tests::archive_deduplicates_ring_exchange_before_cutoff ... ok
test enumerate::anytime_core_tests::archive_identity_includes_tome_multiset_and_guild ... ok
test enumerate::anytime::tests::zero_wall_and_work_budgets_do_not_start_repair ... ok
test enumerate::anytime_core_tests::nested_budget_stop_restores_parent_state_and_stops_siblings ... ok
test enumerate::anytime_core_tests::duplicate_witnesses_cannot_raise_top15_cutoff ... ok
test enumerate::anytime_core_tests::original_ring_guard_preserves_domain_before_order_sensitive_sp_ties ... ok
test enumerate::anytime_core_tests::actual_leaf_budget_counts_work_instead_of_credited_space ... ok
test enumerate::anytime::tests::unequal_ring_pools_preserve_crossed_choices_and_legal_duplicates ... ok
test enumerate::anytime_core_tests::original_ring_guard_uses_root_ranks_when_one_repair_ring_is_frozen ... ok
test enumerate::anytime_core_tests::top1_cutoff_has_a_retained_witness_after_zero_budget ... ok
test enumerate::anytime_core_tests::shared_deadline_can_expire_before_main_search ... ok
test enumerate::anytime_core_tests::wide_last_slot_honors_exact_actual_leaf_budgets ... ok
test enumerate::anytime_core_tests::wide_last_slot_observes_shared_cancellation_within_one_poll_window ... ok
test enumerate::anytime::tests::joint_pair_crosses_sp_support_barrier_and_matches_full_search ... ok
test enumerate::anytime_core_tests::wide_last_slot_honors_credited_budget_without_band_overrun ... ok
test enumerate::anytime::tests::work_limited_seed_reproduces_and_budget_is_actual_leaf_calls ... ok

test result: ok. 22 passed; 0 failed; 0 ignored; 0 measured; 0 filtered out; finished in 0.01s
